Microchip MPLAB XC8 Compiler V2.20

Linker command line:

-W-3 --edf=/Applications/microchip/xc8/v2.20/pic/dat/en_msgs.txt -cn \
  -h+dist/PIC16LF18456_BLE/debug/cpu-arith-benchmark.X.debug.sym \
  --cmf=dist/PIC16LF18456_BLE/debug/cpu-arith-benchmark.X.debug.cmf -z \
  -Q16LF18456 -o/tmp/xcBdX03Yu --defsym=__MPLAB_BUILD=1 \
  -Mdist/PIC16LF18456_BLE/debug/cpu-arith-benchmark.X.debug.map -E1 \
  -ver=XC8 Compiler --acfsm=1493 -ASTACK=020C0h-027EFh -pstack=STACK \
  -ACODE=00h-07FFhx8 -ASTRCODE=00h-03FFFh -ASTRING=00h-0FFhx64 \
  -ACONST=00h-0FFhx64 -AENTRY=00h-0FFhx64 -ACOMMON=070h-07Fh \
  -ABANK0=020h-06Fh -ABANK1=0A0h-0EFh -ABANK2=0120h-016Fh \
  -ABANK3=01A0h-01EFh -ABANK4=0220h-026Fh -ABANK5=02A0h-02EFh \
  -ABANK6=0320h-036Fh -ABANK7=03A0h-03EFh -ABANK8=0420h-046Fh \
  -ABANK9=04A0h-04EFh -ABANK10=0520h-056Fh -ABANK11=05A0h-05EFh \
  -ABANK12=0620h-066Fh -ABANK13=06A0h-06EFh -ABANK14=0720h-076Fh \
  -ABANK15=07A0h-07EFh -ABANK16=0820h-086Fh -ABANK17=08A0h-08EFh \
  -ABANK18=0920h-096Fh -ABANK19=09A0h-09EFh -ABANK20=0A20h-0A6Fh \
  -ABANK21=0AA0h-0AEFh -ABANK22=0B20h-0B6Fh -ABANK23=0BA0h-0BEFh \
  -ABANK24=0C20h-0C6Fh -ABANK25=0CA0h-0CBFh -ABIGRAM=02000h-027EFh \
  -ARAM=020h-06Fh,0A0h-0EFh,0120h-016Fh,01A0h-01EFh,0220h-026Fh,02A0h-02EFh,0320h-036Fh,03A0h-03EFh,0420h-046Fh,04A0h-04EFh,0520h-056Fh,05A0h-05EFh,0620h-066Fh,06A0h-06EFh,0720h-076Fh,07A0h-07EFh,0820h-086Fh,08A0h-08EFh,0920h-096Fh,09A0h-09EFh,0A20h-0A6Fh,0AA0h-0AEFh,0B20h-0B6Fh,0BA0h-0BEFh,0C20h-0C6Fh,0CA0h-0CBFh \
  -AABS1=020h-07Fh,0A0h-0EFh,0120h-016Fh,01A0h-01EFh,0220h-026Fh,02A0h-02EFh,0320h-036Fh,03A0h-03EFh,0420h-046Fh,04A0h-04EFh,0520h-056Fh,05A0h-05EFh,0620h-066Fh,06A0h-06EFh,0720h-076Fh,07A0h-07EFh,0820h-086Fh,08A0h-08EFh,0920h-096Fh,09A0h-09EFh,0A20h-0A6Fh,0AA0h-0AEFh,0B20h-0B6Fh,0BA0h-0BEFh,0C20h-0C6Fh,0CA0h-0CBFh \
  -ASFR0=00h-01Fh -ASFR1=080h-09Fh -ASFR2=0100h-011Fh -ASFR3=0180h-019Fh \
  -ASFR4=0200h-021Fh -ASFR5=0280h-029Fh -ASFR6=0300h-031Fh \
  -ASFR7=0380h-039Fh -ASFR8=0400h-041Fh -ASFR9=0480h-049Fh \
  -ASFR10=0500h-051Fh -ASFR11=0580h-059Fh -ASFR12=0600h-061Fh \
  -ASFR13=0680h-069Fh -ASFR14=0700h-071Fh -ASFR15=0780h-079Fh \
  -ASFR16=0800h-081Fh -ASFR17=0880h-089Fh -ASFR18=0900h-091Fh \
  -ASFR19=0980h-099Fh -ASFR20=0A00h-0A1Fh -ASFR21=0A80h-0A9Fh \
  -ASFR22=0B00h-0B1Fh -ASFR23=0B80h-0B9Fh -ASFR24=0C00h-0C1Fh \
  -ASFR25=0C80h-0C9Fh -ASFR26=0D00h-0D6Fh -ASFR27=0D80h-0DEFh \
  -ASFR28=0E00h-0E6Fh -ASFR29=0E80h-0EEFh -ASFR30=0F00h-0F6Fh \
  -ASFR31=0F80h-0FEFh -ASFR32=01000h-0106Fh -ASFR33=01080h-010EFh \
  -ASFR34=01100h-0116Fh -ASFR35=01180h-011EFh -ASFR36=01200h-0126Fh \
  -ASFR37=01280h-012EFh -ASFR38=01300h-0136Fh -ASFR39=01380h-013EFh \
  -ASFR40=01400h-0146Fh -ASFR41=01480h-014EFh -ASFR42=01500h-0156Fh \
  -ASFR43=01580h-015EFh -ASFR44=01600h-0166Fh -ASFR45=01680h-016EFh \
  -ASFR46=01700h-0176Fh -ASFR47=01780h-017EFh -ASFR48=01800h-0186Fh \
  -ASFR49=01880h-018EFh -ASFR50=01900h-0196Fh -ASFR51=01980h-019EFh \
  -ASFR52=01A00h-01A6Fh -ASFR53=01A80h-01AEFh -ASFR54=01B00h-01B6Fh \
  -ASFR55=01B80h-01BEFh -ASFR56=01C00h-01C6Fh -ASFR57=01C80h-01CEFh \
  -ASFR58=01D00h-01D6Fh -ASFR59=01D80h-01DEFh -ASFR60=01E00h-01E6Fh \
  -ASFR61=01E80h-01EEFh -ASFR62=01F00h-01F6Fh -ASFR63=01F80h-01FEFh \
  -ACONFIG=08007h-0800Bh -DCONFIG=2 -AIDLOC=08000h-08003h -DIDLOC=2 \
  -preset_vec=00h,intentry,init,end_init -ppowerup=CODE -pcinit=CODE \
  -pfunctab=ENTRY -AEEDATA=00h-0FFh/0F000h -peeprom_data=EEDATA -DEEDATA=2 \
  -DCODE=2 -DSTRCODE=2 -DSTRING=2 -DCONST=2 -DENTRY=2 -k /tmp/xce1iPFOm.o \
  dist/PIC16LF18456_BLE/debug/cpu-arith-benchmark.X.debug.o 

Object code version is 3.11

Machine type is 16LF18456



                Name                               Link     Load   Length Selector   Space Scale
/tmp/xce1iPFOm.o
                end_init                              2        2        2        0       0
                reset_vec                             0        0        2        0       0
                config                             8007     8007        5        0       4
dist/PIC16LF18456_BLE/debug/cpu-arith-benchmark.X.debug.o
                cinit                               7E1      7E1       1F      FC2       0
                config                             8007     8007        5        0       4
                text28                              C53      C53       18     18A6       0
                text27                                5        5        1        A       0
                text26                              BCC      BCC        6     1798       0
                text25                              C18      C18       13     1830       0
                text24                               39       39      101       72       0
                text23                              F16      F16       EA     1E2C       0
                text22                              C84      C84       1A     1908       0
                text21                              BED      BED        A     17DA       0
                text20                              D5F      D5F       3F     1ABE       0
                text19                              D05      D05       29     1A0A       0
                text18                              C6B      C6B       19     18D6       0
                text17                              DE3      DE3       5C     1BC6       0
                text16                              248      248      170      490       0
                text15                              E3F      E3F       D7     1C7E       0
                text14                              13A      13A      10E      274       0
                text13                              D2E      D2E       31     1A5C       0
                text12                              C06      C06       12     180C       0
                text11                              D9E      D9E       45     1B3C       0
                text10                              BF7      BF7        F     17EE       0
                text9                               BE5      BE5        8     17CA       0
                text8                               CBD      CBD       23     197A       0
                text7                               58A      58A      257      B14       0
                text6                                 6        6       33        C       0
                text5                               CE0      CE0       25     19C0       0
                text4                               C9E      C9E       1F     193C       0
                text3                               C2B      C2B       13     1856       0
                text2                               C3E      C3E       15     187C       0
                text1                               BC8      BC8        4     1790       0
                maintext                            3B8      3B8      1D2      770       0
                cstackBANK0                          20       20       50       20       1
                cstackCOMMON                         70       70        E       70       1
                cstackBANK1                          EC       EC        2       A0       1
                clrtext                             BD2      BD2        6     17A4       0
                inittext                            BD8      BD8        6     17B0       0
                bssBANK2                            120      120       20      120       1
                dataBANK1                            E3       E3        7       A0       1
                bssBANK1                             A0       A0       43       A0       1
                stringtext16                       1120     1120        E     2000       0
                stringtext15                       1112     1112        E     2000       0
                stringtext14                       1101     1101       11     2000       0
                stringtext13                       10EE     10EE       13     2000       0
                stringtext12                       10C5     10C5       15     2000       0
                stringtext11                       10B0     10B0       15     2000       0
                stringtext10                       109B     109B       15     2000       0
                stringtext9                        1086     1086       15     2000       0
                stringtext8                        106E     106E       18     2000       0
                stringtext7                        1054     1054       1A     2000       0
                stringtext6                        1038     1038       1C     2000       0
                stringtext5                        1000     1000       38     2000       0
                nvBANK1                              EA       EA        2       A0       1
                stringtext4                        1143     1143        6     2000       0
                stringtext3                        113A     113A        9     2000       0
                stringtext2                        112E     112E        C     2000       0
                stringtext1                        10DA     10DA       14     2000       0
                idataBANK1                          BDE      BDE        7     17BC       0

TOTAL           Name                               Link     Load   Length     Space
        CLASS   STACK          

        CLASS   CODE           
                end_init                              2        2        2         0
                cinit                               7E1      7E1       1F         0
                reset_vec                             0        0        2         0
                text28                              C53      C53       18         0
                text27                                5        5        1         0
                text26                              BCC      BCC        6         0
                text25                              C18      C18       13         0
                text24                               39       39      101         0
                text23                              F16      F16       EA         0
                text22                              C84      C84       1A         0
                text21                              BED      BED        A         0
                text20                              D5F      D5F       3F         0
                text19                              D05      D05       29         0
                text18                              C6B      C6B       19         0
                text17                              DE3      DE3       5C         0
                text16                              248      248      170         0
                text15                              E3F      E3F       D7         0
                text14                              13A      13A      10E         0
                text13                              D2E      D2E       31         0
                text12                              C06      C06       12         0
                text11                              D9E      D9E       45         0
                text10                              BF7      BF7        F         0
                text9                               BE5      BE5        8         0
                text8                               CBD      CBD       23         0
                text7                               58A      58A      257         0
                text6                                 6        6       33         0
                text5                               CE0      CE0       25         0
                text4                               C9E      C9E       1F         0
                text3                               C2B      C2B       13         0
                text2                               C3E      C3E       15         0
                text1                               BC8      BC8        4         0
                maintext                            3B8      3B8      1D2         0
                clrtext                             BD2      BD2        6         0
                inittext                            BD8      BD8        6         0
                idataBANK1                          BDE      BDE        7         0

        CLASS   STRCODE        
                stringtext16                       1120     1120        E         0
                stringtext15                       1112     1112        E         0
                stringtext14                       1101     1101       11         0
                stringtext13                       10EE     10EE       13         0
                stringtext12                       10C5     10C5       15         0
                stringtext11                       10B0     10B0       15         0
                stringtext10                       109B     109B       15         0
                stringtext9                        1086     1086       15         0
                stringtext8                        106E     106E       18         0
                stringtext7                        1054     1054       1A         0
                stringtext6                        1038     1038       1C         0
                stringtext5                        1000     1000       38         0
                stringtext4                        1143     1143        6         0
                stringtext3                        113A     113A        9         0
                stringtext2                        112E     112E        C         0
                stringtext1                        10DA     10DA       14         0

        CLASS   STRING         

        CLASS   CONST          

        CLASS   ENTRY          

        CLASS   COMMON         
                cstackCOMMON                         70       70        E         1

        CLASS   BANK0          
                cstackBANK0                          20       20       50         1

        CLASS   BANK1          
                cstackBANK1                          EC       EC        2         1
                dataBANK1                            E3       E3        7         1
                bssBANK1                             A0       A0       43         1
                nvBANK1                              EA       EA        2         1

        CLASS   BANK2          
                bssBANK2                            120      120       20         1

        CLASS   BANK3          

        CLASS   BANK4          

        CLASS   BANK5          

        CLASS   BANK6          

        CLASS   BANK7          

        CLASS   BANK8          

        CLASS   BANK9          

        CLASS   BANK10         

        CLASS   BANK11         

        CLASS   BANK12         

        CLASS   BANK13         

        CLASS   BANK14         

        CLASS   BANK15         

        CLASS   BANK16         

        CLASS   BANK17         

        CLASS   BANK18         

        CLASS   BANK19         

        CLASS   BANK20         

        CLASS   BANK21         

        CLASS   BANK22         

        CLASS   BANK23         

        CLASS   BANK24         

        CLASS   BANK25         

        CLASS   BIGRAM         

        CLASS   RAM            

        CLASS   ABS1           
                abs_s1                               7E       7E        2         1

        CLASS   SFR0           

        CLASS   SFR1           

        CLASS   SFR2           

        CLASS   SFR3           

        CLASS   SFR4           

        CLASS   SFR5           

        CLASS   SFR6           

        CLASS   SFR7           

        CLASS   SFR8           

        CLASS   SFR9           

        CLASS   SFR10          

        CLASS   SFR11          

        CLASS   SFR12          

        CLASS   SFR13          

        CLASS   SFR14          

        CLASS   SFR15          

        CLASS   SFR16          

        CLASS   SFR17          

        CLASS   SFR18          

        CLASS   SFR19          

        CLASS   SFR20          

        CLASS   SFR21          

        CLASS   SFR22          

        CLASS   SFR23          

        CLASS   SFR24          

        CLASS   SFR25          

        CLASS   SFR26          

        CLASS   SFR27          

        CLASS   SFR28          

        CLASS   SFR29          

        CLASS   SFR30          

        CLASS   SFR31          

        CLASS   SFR32          

        CLASS   SFR33          

        CLASS   SFR34          

        CLASS   SFR35          

        CLASS   SFR36          

        CLASS   SFR37          

        CLASS   SFR38          

        CLASS   SFR39          

        CLASS   SFR40          

        CLASS   SFR41          

        CLASS   SFR42          

        CLASS   SFR43          

        CLASS   SFR44          

        CLASS   SFR45          

        CLASS   SFR46          

        CLASS   SFR47          

        CLASS   SFR48          

        CLASS   SFR49          

        CLASS   SFR50          

        CLASS   SFR51          

        CLASS   SFR52          

        CLASS   SFR53          

        CLASS   SFR54          

        CLASS   SFR55          

        CLASS   SFR56          

        CLASS   SFR57          

        CLASS   SFR58          

        CLASS   SFR59          

        CLASS   SFR60          

        CLASS   SFR61          

        CLASS   SFR62          

        CLASS   SFR63          

        CLASS   CONFIG         
                config                             8007     8007        5         4

        CLASS   IDLOC          

        CLASS   EEDATA         

        CLASS   BANK63         

        CLASS   BANK62         

        CLASS   BANK61         

        CLASS   BANK60         

        CLASS   BANK59         

        CLASS   BANK58         

        CLASS   BANK57         

        CLASS   BANK56         

        CLASS   BANK55         

        CLASS   BANK54         

        CLASS   BANK53         

        CLASS   BANK52         

        CLASS   BANK51         

        CLASS   BANK50         

        CLASS   BANK49         

        CLASS   BANK48         

        CLASS   BANK47         

        CLASS   BANK46         

        CLASS   BANK45         

        CLASS   BANK44         

        CLASS   BANK43         

        CLASS   BANK42         

        CLASS   BANK41         

        CLASS   BANK40         

        CLASS   BANK39         

        CLASS   BANK38         

        CLASS   BANK37         

        CLASS   BANK36         

        CLASS   BANK35         

        CLASS   BANK34         

        CLASS   BANK33         

        CLASS   BANK32         

        CLASS   BANK31         

        CLASS   BANK30         

        CLASS   BANK29         

        CLASS   BANK28         

        CLASS   BANK27         

        CLASS   BANK26         



SEGMENTS        Name                           Load    Length   Top    Selector   Space  Class     Delta

                text4                          000C9E  00001F  000CBD      193C       0  CODE        2
                text22                         000C84  00001A  000C9E      1908       0  CODE        2
                text8                          000CBD  000023  000CE0      197A       0  CODE        2
                reset_vec                      000000  000004  000004         0       0  CODE        2
                text28                         000C53  000018  000C6B      18A6       0  CODE        2
                text18                         000C6B  000019  000C84      18D6       0  CODE        2
                text5                          000CE0  000025  000D05      19C0       0  CODE        2
                text19                         000D05  000029  000D2E      1A0A       0  CODE        2
                text2                          000C3E  000015  000C53      187C       0  CODE        2
                text3                          000C2B  000013  000C3E      1856       0  CODE        2
                text25                         000C18  000013  000C2B      1830       0  CODE        2
                text13                         000D2E  000031  000D5F      1A5C       0  CODE        2
                stringtext5                    001000  000149  001149      2000       0  STRCODE     2
                text20                         000D5F  00003F  000D9E      1ABE       0  CODE        2
                text6                          000006  000033  000039         C       0  CODE        2
                text9                          000BE5  000008  000BED      17CA       0  CODE        2
                text21                         000BED  00000A  000BF7      17DA       0  CODE        2
                text10                         000BF7  00000F  000C06      17EE       0  CODE        2
                text12                         000C06  000012  000C18      180C       0  CODE        2
                text11                         000D9E  000045  000DE3      1B3C       0  CODE        2
                text24                         000039  000101  00013A        72       0  CODE        2
                text14                         00013A  00010E  000248       274       0  CODE        2
                maintext                       0003B8  0001D2  00058A       770       0  CODE        2
                text7                          00058A  000257  0007E1       B14       0  CODE        2
                text16                         000248  000170  0003B8       490       0  CODE        2
                text17                         000DE3  00005C  000E3F      1BC6       0  CODE        2
                text15                         000E3F  0000D7  000F16      1C7E       0  CODE        2
                text23                         000F16  0000EA  001000      1E2C       0  CODE        2
                inittext                       000BD8  000006  000BDE      17B0       0  CODE        2
                clrtext                        000BD2  000006  000BD8      17A4       0  CODE        2
                text27                         000005  000001  000006         A       0  CODE        2
                text26                         000BCC  000006  000BD2      1798       0  CODE        2
                text1                          000BC8  000004  000BCC      1790       0  CODE        2
                idataBANK1                     000BDE  000007  000BE5      17BC       0  CODE        2
                cinit                          0007E1  00001F  000800       FC2       0  CODE        2
                bssBANK2                       000120  000020  000140       120       1  BANK2       1
                cstackCOMMON                   000070  00000E  00007E        70       1  COMMON      1
                bssBANK1                       0000A0  00004E  0000EE        A0       1  BANK1       1
                cstackBANK0                    000020  000050  000070        20       1  BANK0       1


UNUSED ADDRESS RANGES

        Name                Unused          Largest block    Delta
        BANK1            000EE-000EF               2           1
        BANK10           00520-0056F              50           1
        BANK11           005A0-005EF              50           1
        BANK12           00620-0066F              50           1
        BANK13           006A0-006EF              50           1
        BANK14           00720-0076F              50           1
        BANK15           007A0-007EF              50           1
        BANK16           00820-0086F              50           1
        BANK17           008A0-008EF              50           1
        BANK18           00920-0096F              50           1
        BANK19           009A0-009EF              50           1
        BANK2            00140-0016F              30           1
        BANK20           00A20-00A6F              50           1
        BANK21           00AA0-00AEF              50           1
        BANK22           00B20-00B6F              50           1
        BANK23           00BA0-00BEF              50           1
        BANK24           00C20-00C6F              50           1
        BANK25           00CA0-00CBF              20           1
        BANK3            001A0-001EF              50           1
        BANK4            00220-0026F              50           1
        BANK5            002A0-002EF              50           1
        BANK6            00320-0036F              50           1
        BANK7            003A0-003EF              50           1
        BANK8            00420-0046F              50           1
        BANK9            004A0-004EF              50           1
        BIGRAM           02000-027EF             7F0           1
        CODE             00004-00004               1           2
                         00800-00BC7             3C8
                         01149-03FFF             800
        CONST            00004-00004               1           2
                         00800-00BC7             100
                         01149-03FFF             100
        EEDATA           0F000-0F0FF             100           2
        ENTRY            00004-00004               1           2
                         00800-00BC7             100
                         01149-03FFF             100
        IDLOC            08000-08003               4           2
        RAM              000EE-000EF               2           1
                         00140-0016F              30
                         001A0-001EF              50
                         00220-0026F              50
                         002A0-002EF              50
                         00320-0036F              50
                         003A0-003EF              50
                         00420-0046F              50
                         004A0-004EF              50
                         00520-0056F              50
                         005A0-005EF              50
                         00620-0066F              50
                         006A0-006EF              50
                         00720-0076F              50
                         007A0-007EF              50
                         00820-0086F              50
                         008A0-008EF              50
                         00920-0096F              50
                         009A0-009EF              50
                         00A20-00A6F              50
                         00AA0-00AEF              50
                         00B20-00B6F              50
                         00BA0-00BEF              50
                         00C20-00C6F              50
                         00CA0-00CBF              20
        SFR0             00000-0001F              20           1
        SFR1             00080-0009F              20           1
        SFR10            00500-0051F              20           1
        SFR11            00580-0059F              20           1
        SFR12            00600-0061F              20           1
        SFR13            00680-0069F              20           1
        SFR14            00700-0071F              20           1
        SFR15            00780-0079F              20           1
        SFR16            00800-0081F              20           1
        SFR17            00880-0089F              20           1
        SFR18            00900-0091F              20           1
        SFR19            00980-0099F              20           1
        SFR2             00100-0011F              20           1
        SFR20            00A00-00A1F              20           1
        SFR21            00A80-00A9F              20           1
        SFR22            00B00-00B1F              20           1
        SFR23            00B80-00B9F              20           1
        SFR24            00C00-00C1F              20           1
        SFR25            00C80-00C9F              20           1
        SFR26            00D00-00D6F              70           1
        SFR27            00D80-00DEF              70           1
        SFR28            00E00-00E6F              70           1
        SFR29            00E80-00EEF              70           1
        SFR3             00180-0019F              20           1
        SFR30            00F00-00F6F              70           1
        SFR31            00F80-00FEF              70           1
        SFR32            01000-0106F              70           1
        SFR33            01080-010EF              70           1
        SFR34            01100-0116F              70           1
        SFR35            01180-011EF              70           1
        SFR36            01200-0126F              70           1
        SFR37            01280-012EF              70           1
        SFR38            01300-0136F              70           1
        SFR39            01380-013EF              70           1
        SFR4             00200-0021F              20           1
        SFR40            01400-0146F              70           1
        SFR41            01480-014EF              70           1
        SFR42            01500-0156F              70           1
        SFR43            01580-015EF              70           1
        SFR44            01600-0166F              70           1
        SFR45            01680-016EF              70           1
        SFR46            01700-0176F              70           1
        SFR47            01780-017EF              70           1
        SFR48            01800-0186F              70           1
        SFR49            01880-018EF              70           1
        SFR5             00280-0029F              20           1
        SFR50            01900-0196F              70           1
        SFR51            01980-019EF              70           1
        SFR52            01A00-01A6F              70           1
        SFR53            01A80-01AEF              70           1
        SFR54            01B00-01B6F              70           1
        SFR55            01B80-01BEF              70           1
        SFR56            01C00-01C6F              70           1
        SFR57            01C80-01CEF              70           1
        SFR58            01D00-01D6F              70           1
        SFR59            01D80-01DEF              70           1
        SFR6             00300-0031F              20           1
        SFR60            01E00-01E6F              70           1
        SFR61            01E80-01EEF              70           1
        SFR62            01F00-01F6F              70           1
        SFR63            01F80-01FEF              70           1
        SFR7             00380-0039F              20           1
        SFR8             00400-0041F              20           1
        SFR9             00480-0049F              20           1
        STACK            020C0-027EF             730           1
        STRCODE          00004-00004               1           2
                         00800-00BC7             3C8
                         01149-03FFF            2EB7
        STRING           00004-00004               1           2
                         00800-00BC7             100
                         01149-03FFF             100

                                  Symbol Table

?_StopwatchRead              cstackCOMMON 00070
?__Umul8_16                  cstackCOMMON 00070
?___aodiv                    cstackBANK0  00020
?___aomod                    cstackBANK0  00020
?___flmul                    cstackBANK0  00020
?___lmul                     cstackCOMMON 00070
?___wmul                     cstackCOMMON 00070
?_abs                        cstackCOMMON 00073
?_dtoa                       cstackBANK0  00030
?_mul32                      cstackBANK0  00020
?_mul8                       cstackCOMMON 00076
?_pad                        cstackBANK0  00024
?_printf                     cstackBANK0  00068
?_stoa                       cstackCOMMON 00079
?_strlen                     cstackCOMMON 00070
?_sum32                      cstackCOMMON 00070
?_vfpfcnvrt                  cstackBANK0  0004E
?_vfprintf                   cstackBANK0  00060
StopwatchRead@tmp            cstackCOMMON 00073
_ANSELBbits                  (abs)        01F43
_BAUD1CONbits                (abs)        0011F
_CompileDate                 stringtext2  0112E
_CompileTime                 stringtext3  0113A
_Initiallize                 text11       00D9E
_PIE3bits                    (abs)        00719
_PIR3bits                    (abs)        0070F
_PPSLOCK                     (abs)        01E8F
_PPSLOCKbits                 (abs)        01E8F
_PinConfig                   text28       00C53
_Project                     stringtext1  010DA
_RB4PPS                      (abs)        01F1C
_RC1STAbits                  (abs)        0011D
_RX1DTPPS                    (abs)        01ECB
_SP1BRGH                     (abs)        0011C
_SP1BRGL                     (abs)        0011B
_SetPerformanceMode          text27       00005
_StopwatchConfig             text26       00BCC
_StopwatchRead               text10       00BF7
_StopwatchRestart            text9        00BE5
_T1CLKbits                   (abs)        00211
_T1CONbits                   (abs)        0020E
_TMR1H                       (abs)        0020D
_TMR1L                       (abs)        0020C
_TRISBbits                   (abs)        00013
_TX1STAbits                  (abs)        0011E
_TX2REG                      (abs)        00A1A
_UartConfig                  text25       00C18
_Version                     stringtext4  01143
__Habs1                      abs1         00000
__Hbank0                     bank0        00000
__Hbank1                     bank1        00000
__Hbank10                    bank10       00000
__Hbank11                    bank11       00000
__Hbank12                    bank12       00000
__Hbank13                    bank13       00000
__Hbank14                    bank14       00000
__Hbank15                    bank15       00000
__Hbank16                    bank16       00000
__Hbank17                    bank17       00000
__Hbank18                    bank18       00000
__Hbank19                    bank19       00000
__Hbank2                     bank2        00000
__Hbank20                    bank20       00000
__Hbank21                    bank21       00000
__Hbank22                    bank22       00000
__Hbank23                    bank23       00000
__Hbank24                    bank24       00000
__Hbank25                    bank25       00000
__Hbank26                    bank26       00000
__Hbank27                    bank27       00000
__Hbank28                    bank28       00000
__Hbank29                    bank29       00000
__Hbank3                     bank3        00000
__Hbank30                    bank30       00000
__Hbank31                    bank31       00000
__Hbank32                    bank32       00000
__Hbank33                    bank33       00000
__Hbank34                    bank34       00000
__Hbank35                    bank35       00000
__Hbank36                    bank36       00000
__Hbank37                    bank37       00000
__Hbank38                    bank38       00000
__Hbank39                    bank39       00000
__Hbank4                     bank4        00000
__Hbank40                    bank40       00000
__Hbank41                    bank41       00000
__Hbank42                    bank42       00000
__Hbank43                    bank43       00000
__Hbank44                    bank44       00000
__Hbank45                    bank45       00000
__Hbank46                    bank46       00000
__Hbank47                    bank47       00000
__Hbank48                    bank48       00000
__Hbank49                    bank49       00000
__Hbank5                     bank5        00000
__Hbank50                    bank50       00000
__Hbank51                    bank51       00000
__Hbank52                    bank52       00000
__Hbank53                    bank53       00000
__Hbank54                    bank54       00000
__Hbank55                    bank55       00000
__Hbank56                    bank56       00000
__Hbank57                    bank57       00000
__Hbank58                    bank58       00000
__Hbank59                    bank59       00000
__Hbank6                     bank6        00000
__Hbank60                    bank60       00000
__Hbank61                    bank61       00000
__Hbank62                    bank62       00000
__Hbank63                    bank63       00000
__Hbank7                     bank7        00000
__Hbank8                     bank8        00000
__Hbank9                     bank9        00000
__Hbigram                    bigram       00000
__HbssBANK1                  bssBANK1     00000
__HbssBANK2                  bssBANK2     00000
__Hcinit                     cinit        00800
__Hclrtext                   clrtext      00000
__Hcode                      code         00000
__Hcommon                    common       00000
__Hconfig                    config       0800C
__HcstackBANK0               cstackBANK0  00000
__HcstackBANK1               cstackBANK1  00000
__HcstackCOMMON              cstackCOMMON 00000
__HdataBANK1                 dataBANK1    00000
__Heeprom_data               eeprom_data  00000
__Hend_init                  end_init     00004
__Hfunctab                   functab      00000
__HidataBANK1                idataBANK1   00000
__Hinit                      init         00002
__Hinittext                  inittext     00000
__Hintentry                  intentry     00002
__Hmaintext                  maintext     00000
__HnvBANK1                   nvBANK1      00000
__Hpowerup                   powerup      00000
__Hram                       ram          00000
__Hreset_vec                 reset_vec    00002
__Hsfr0                      sfr0         00000
__Hsfr1                      sfr1         00000
__Hsfr10                     sfr10        00000
__Hsfr11                     sfr11        00000
__Hsfr12                     sfr12        00000
__Hsfr13                     sfr13        00000
__Hsfr14                     sfr14        00000
__Hsfr15                     sfr15        00000
__Hsfr16                     sfr16        00000
__Hsfr17                     sfr17        00000
__Hsfr18                     sfr18        00000
__Hsfr19                     sfr19        00000
__Hsfr2                      sfr2         00000
__Hsfr20                     sfr20        00000
__Hsfr21                     sfr21        00000
__Hsfr22                     sfr22        00000
__Hsfr23                     sfr23        00000
__Hsfr24                     sfr24        00000
__Hsfr25                     sfr25        00000
__Hsfr26                     sfr26        00000
__Hsfr27                     sfr27        00000
__Hsfr28                     sfr28        00000
__Hsfr29                     sfr29        00000
__Hsfr3                      sfr3         00000
__Hsfr30                     sfr30        00000
__Hsfr31                     sfr31        00000
__Hsfr32                     sfr32        00000
__Hsfr33                     sfr33        00000
__Hsfr34                     sfr34        00000
__Hsfr35                     sfr35        00000
__Hsfr36                     sfr36        00000
__Hsfr37                     sfr37        00000
__Hsfr38                     sfr38        00000
__Hsfr39                     sfr39        00000
__Hsfr4                      sfr4         00000
__Hsfr40                     sfr40        00000
__Hsfr41                     sfr41        00000
__Hsfr42                     sfr42        00000
__Hsfr43                     sfr43        00000
__Hsfr44                     sfr44        00000
__Hsfr45                     sfr45        00000
__Hsfr46                     sfr46        00000
__Hsfr47                     sfr47        00000
__Hsfr48                     sfr48        00000
__Hsfr49                     sfr49        00000
__Hsfr5                      sfr5         00000
__Hsfr50                     sfr50        00000
__Hsfr51                     sfr51        00000
__Hsfr52                     sfr52        00000
__Hsfr53                     sfr53        00000
__Hsfr54                     sfr54        00000
__Hsfr55                     sfr55        00000
__Hsfr56                     sfr56        00000
__Hsfr57                     sfr57        00000
__Hsfr58                     sfr58        00000
__Hsfr59                     sfr59        00000
__Hsfr6                      sfr6         00000
__Hsfr60                     sfr60        00000
__Hsfr61                     sfr61        00000
__Hsfr62                     sfr62        00000
__Hsfr63                     sfr63        00000
__Hsfr7                      sfr7         00000
__Hsfr8                      sfr8         00000
__Hsfr9                      sfr9         00000
__Hspace_0                   (abs)        01149
__Hspace_1                   (abs)        00140
__Hspace_2                   (abs)        00000
__Hspace_3                   (abs)        00000
__Hspace_4                   (abs)        10013
__Hstack                     stack        00000
__Hstrings                   strings      00000
__Hstringtext1               stringtext1  00000
__Hstringtext10              stringtext10 00000
__Hstringtext11              stringtext11 00000
__Hstringtext12              stringtext12 00000
__Hstringtext13              stringtext13 00000
__Hstringtext14              stringtext14 00000
__Hstringtext15              stringtext15 00000
__Hstringtext16              stringtext16 00000
__Hstringtext17              stringtext17 00000
__Hstringtext2               stringtext2  00000
__Hstringtext3               stringtext3  00000
__Hstringtext4               stringtext4  00000
__Hstringtext5               stringtext5  00000
__Hstringtext6               stringtext6  00000
__Hstringtext7               stringtext7  00000
__Hstringtext8               stringtext8  00000
__Hstringtext9               stringtext9  00000
__Htext                      text         00000
__Labs1                      abs1         00000
__Lbank0                     bank0        00000
__Lbank1                     bank1        00000
__Lbank10                    bank10       00000
__Lbank11                    bank11       00000
__Lbank12                    bank12       00000
__Lbank13                    bank13       00000
__Lbank14                    bank14       00000
__Lbank15                    bank15       00000
__Lbank16                    bank16       00000
__Lbank17                    bank17       00000
__Lbank18                    bank18       00000
__Lbank19                    bank19       00000
__Lbank2                     bank2        00000
__Lbank20                    bank20       00000
__Lbank21                    bank21       00000
__Lbank22                    bank22       00000
__Lbank23                    bank23       00000
__Lbank24                    bank24       00000
__Lbank25                    bank25       00000
__Lbank26                    bank26       00000
__Lbank27                    bank27       00000
__Lbank28                    bank28       00000
__Lbank29                    bank29       00000
__Lbank3                     bank3        00000
__Lbank30                    bank30       00000
__Lbank31                    bank31       00000
__Lbank32                    bank32       00000
__Lbank33                    bank33       00000
__Lbank34                    bank34       00000
__Lbank35                    bank35       00000
__Lbank36                    bank36       00000
__Lbank37                    bank37       00000
__Lbank38                    bank38       00000
__Lbank39                    bank39       00000
__Lbank4                     bank4        00000
__Lbank40                    bank40       00000
__Lbank41                    bank41       00000
__Lbank42                    bank42       00000
__Lbank43                    bank43       00000
__Lbank44                    bank44       00000
__Lbank45                    bank45       00000
__Lbank46                    bank46       00000
__Lbank47                    bank47       00000
__Lbank48                    bank48       00000
__Lbank49                    bank49       00000
__Lbank5                     bank5        00000
__Lbank50                    bank50       00000
__Lbank51                    bank51       00000
__Lbank52                    bank52       00000
__Lbank53                    bank53       00000
__Lbank54                    bank54       00000
__Lbank55                    bank55       00000
__Lbank56                    bank56       00000
__Lbank57                    bank57       00000
__Lbank58                    bank58       00000
__Lbank59                    bank59       00000
__Lbank6                     bank6        00000
__Lbank60                    bank60       00000
__Lbank61                    bank61       00000
__Lbank62                    bank62       00000
__Lbank63                    bank63       00000
__Lbank7                     bank7        00000
__Lbank8                     bank8        00000
__Lbank9                     bank9        00000
__Lbigram                    bigram       00000
__LbssBANK1                  bssBANK1     00000
__LbssBANK2                  bssBANK2     00000
__Lcinit                     cinit        007E1
__Lclrtext                   clrtext      00000
__Lcode                      code         00000
__Lcommon                    common       00000
__Lconfig                    config       00000
__LcstackBANK0               cstackBANK0  00000
__LcstackBANK1               cstackBANK1  00000
__LcstackCOMMON              cstackCOMMON 00000
__LdataBANK1                 dataBANK1    00000
__Leeprom_data               eeprom_data  00000
__Lend_init                  end_init     00002
__Lfunctab                   functab      00000
__LidataBANK1                idataBANK1   00000
__Linit                      init         00002
__Linittext                  inittext     00000
__Lintentry                  intentry     00002
__Lmaintext                  maintext     00000
__LnvBANK1                   nvBANK1      00000
__Lpowerup                   powerup      00000
__Lram                       ram          00000
__Lreset_vec                 reset_vec    00000
__Lsfr0                      sfr0         00000
__Lsfr1                      sfr1         00000
__Lsfr10                     sfr10        00000
__Lsfr11                     sfr11        00000
__Lsfr12                     sfr12        00000
__Lsfr13                     sfr13        00000
__Lsfr14                     sfr14        00000
__Lsfr15                     sfr15        00000
__Lsfr16                     sfr16        00000
__Lsfr17                     sfr17        00000
__Lsfr18                     sfr18        00000
__Lsfr19                     sfr19        00000
__Lsfr2                      sfr2         00000
__Lsfr20                     sfr20        00000
__Lsfr21                     sfr21        00000
__Lsfr22                     sfr22        00000
__Lsfr23                     sfr23        00000
__Lsfr24                     sfr24        00000
__Lsfr25                     sfr25        00000
__Lsfr26                     sfr26        00000
__Lsfr27                     sfr27        00000
__Lsfr28                     sfr28        00000
__Lsfr29                     sfr29        00000
__Lsfr3                      sfr3         00000
__Lsfr30                     sfr30        00000
__Lsfr31                     sfr31        00000
__Lsfr32                     sfr32        00000
__Lsfr33                     sfr33        00000
__Lsfr34                     sfr34        00000
__Lsfr35                     sfr35        00000
__Lsfr36                     sfr36        00000
__Lsfr37                     sfr37        00000
__Lsfr38                     sfr38        00000
__Lsfr39                     sfr39        00000
__Lsfr4                      sfr4         00000
__Lsfr40                     sfr40        00000
__Lsfr41                     sfr41        00000
__Lsfr42                     sfr42        00000
__Lsfr43                     sfr43        00000
__Lsfr44                     sfr44        00000
__Lsfr45                     sfr45        00000
__Lsfr46                     sfr46        00000
__Lsfr47                     sfr47        00000
__Lsfr48                     sfr48        00000
__Lsfr49                     sfr49        00000
__Lsfr5                      sfr5         00000
__Lsfr50                     sfr50        00000
__Lsfr51                     sfr51        00000
__Lsfr52                     sfr52        00000
__Lsfr53                     sfr53        00000
__Lsfr54                     sfr54        00000
__Lsfr55                     sfr55        00000
__Lsfr56                     sfr56        00000
__Lsfr57                     sfr57        00000
__Lsfr58                     sfr58        00000
__Lsfr59                     sfr59        00000
__Lsfr6                      sfr6         00000
__Lsfr60                     sfr60        00000
__Lsfr61                     sfr61        00000
__Lsfr62                     sfr62        00000
__Lsfr63                     sfr63        00000
__Lsfr7                      sfr7         00000
__Lsfr8                      sfr8         00000
__Lsfr9                      sfr9         00000
__Lspace_0                   (abs)        00000
__Lspace_1                   (abs)        00000
__Lspace_2                   (abs)        00000
__Lspace_3                   (abs)        00000
__Lspace_4                   (abs)        00000
__Lstack                     stack        00000
__Lstrings                   strings      00000
__Lstringtext1               stringtext1  00000
__Lstringtext10              stringtext10 00000
__Lstringtext11              stringtext11 00000
__Lstringtext12              stringtext12 00000
__Lstringtext13              stringtext13 00000
__Lstringtext14              stringtext14 00000
__Lstringtext15              stringtext15 00000
__Lstringtext16              stringtext16 00000
__Lstringtext17              stringtext17 00000
__Lstringtext2               stringtext2  00000
__Lstringtext3               stringtext3  00000
__Lstringtext4               stringtext4  00000
__Lstringtext5               stringtext5  00000
__Lstringtext6               stringtext6  00000
__Lstringtext7               stringtext7  00000
__Lstringtext8               stringtext8  00000
__Lstringtext9               stringtext9  00000
__Ltext                      text         00000
__S0                         (abs)        01149
__S1                         (abs)        00140
__S2                         (abs)        00000
__S3                         (abs)        00000
__Umul8_16                   text8        00CBD
__Umul8_16@multiplicand      cstackCOMMON 00070
__Umul8_16@multiplier        cstackCOMMON 00078
__Umul8_16@product           cstackCOMMON 00074
__Umul8_16@word_mpld         cstackCOMMON 00076
___aodiv                     text24       00039
___aodiv@counter             cstackCOMMON 00071
___aodiv@dividend            cstackBANK0  00028
___aodiv@divisor             cstackBANK0  00020
___aodiv@quotient            cstackCOMMON 00073
___aodiv@sign                cstackCOMMON 00072
___aomod                     text23       00F16
___aomod@counter             cstackCOMMON 00071
___aomod@dividend            cstackBANK0  00028
___aomod@divisor             cstackBANK0  00020
___aomod@sign                cstackCOMMON 00072
___flmul                     text7        0058A
___flmul@a                   cstackBANK0  00024
___flmul@aexp                cstackBANK0  0002D
___flmul@b                   cstackBANK0  00020
___flmul@bexp                cstackBANK0  0002E
___flmul@grs                 cstackBANK0  00029
___flmul@prod                cstackBANK0  0002F
___flmul@sign                cstackBANK0  00028
___flmul@temp                cstackBANK0  00033
___int_sp                    stack        00000
___latbits                   (abs)        00003
___lmul                      text6        00006
___lmul@multiplicand         cstackCOMMON 00074
___lmul@multiplier           cstackCOMMON 00070
___lmul@product              cstackCOMMON 00078
___sp                        stack        00000
___stackhi                   (abs)        027EF
___stacklo                   (abs)        020C0
___wmul                      text4        00C9E
___wmul@multiplicand         cstackCOMMON 00072
___wmul@multiplier           cstackCOMMON 00070
___wmul@product              cstackCOMMON 00074
__end_of_CompileDate         stringtext2  0113A
__end_of_CompileTime         stringtext3  01143
__end_of_Initiallize         text11       00DE3
__end_of_PinConfig           text28       00C6B
__end_of_Project             stringtext1  010EE
__end_of_SetPerformanceMode  text27       00006
__end_of_StopwatchConfig     text26       00BD2
__end_of_StopwatchRead       text10       00C06
__end_of_StopwatchRestart    text9        00BED
__end_of_UartConfig          text25       00C2B
__end_of_Version             stringtext4  01149
__end_of__Umul8_16           text8        00CE0
__end_of___aodiv             text24       0013A
__end_of___aomod             text23       01000
__end_of___flmul             text7        007E1
__end_of___lmul              text6        00039
__end_of___wmul              text4        00CBD
__end_of__initialization     cinit        007FD
__end_of_abs                 text22       00C9E
__end_of_dtoa                text16       003B8
__end_of_fputc               text20       00D9E
__end_of_fputs               text19       00D2E
__end_of_main                maintext     0058A
__end_of_mul32               text5        00D05
__end_of_mul8                text3        00C3E
__end_of_pad                 text17       00E3F
__end_of_printf              text12       00C18
__end_of_putch               text21       00BF7
__end_of_stoa                text15       00F16
__end_of_strlen              text18       00C84
__end_of_sum32               text2        00C53
__end_of_sum8                text1        00BCC
__end_of_vfpfcnvrt           text14       00248
__end_of_vfprintf            text13       00D5F
__initialization             cinit        007E1
__pbssBANK1                  bssBANK1     000A0
__pbssBANK2                  bssBANK2     00120
__pcstackBANK0               cstackBANK0  00020
__pcstackBANK1               cstackBANK1  000EC
__pcstackCOMMON              cstackCOMMON 00070
__pdataBANK1                 dataBANK1    000E3
__pidataBANK1                idataBANK1   00BDE
__pmaintext                  maintext     003B8
__pnvBANK1                   nvBANK1      000EA
__pstringtext1               stringtext1  010DA
__pstringtext10              stringtext10 0109B
__pstringtext11              stringtext11 010B0
__pstringtext12              stringtext12 010C5
__pstringtext13              stringtext13 010EE
__pstringtext14              stringtext14 01101
__pstringtext15              stringtext15 01112
__pstringtext16              stringtext16 01120
__pstringtext17              stringtext17 00000
__pstringtext2               stringtext2  0112E
__pstringtext3               stringtext3  0113A
__pstringtext4               stringtext4  01143
__pstringtext5               stringtext5  01000
__pstringtext6               stringtext6  01038
__pstringtext7               stringtext7  01054
__pstringtext8               stringtext8  0106E
__pstringtext9               stringtext9  01086
__ptext1                     text1        00BC8
__ptext10                    text10       00BF7
__ptext11                    text11       00D9E
__ptext12                    text12       00C06
__ptext13                    text13       00D2E
__ptext14                    text14       0013A
__ptext15                    text15       00E3F
__ptext16                    text16       00248
__ptext17                    text17       00DE3
__ptext18                    text18       00C6B
__ptext19                    text19       00D05
__ptext2                     text2        00C3E
__ptext20                    text20       00D5F
__ptext21                    text21       00BED
__ptext22                    text22       00C84
__ptext23                    text23       00F16
__ptext24                    text24       00039
__ptext25                    text25       00C18
__ptext26                    text26       00BCC
__ptext27                    text27       00005
__ptext28                    text28       00C53
__ptext3                     text3        00C2B
__ptext4                     text4        00C9E
__ptext5                     text5        00CE0
__ptext6                     text6        00006
__ptext7                     text7        0058A
__ptext8                     text8        00CBD
__ptext9                     text9        00BE5
__size_of_Initiallize        (abs)        00000
__size_of_PinConfig          (abs)        00000
__size_of_SetPerformanceMode (abs)        00000
__size_of_StopwatchConfig    (abs)        00000
__size_of_StopwatchRead      (abs)        00000
__size_of_StopwatchRestart   (abs)        00000
__size_of_UartConfig         (abs)        00000
__size_of__Umul8_16          (abs)        00000
__size_of___aodiv            (abs)        00000
__size_of___aomod            (abs)        00000
__size_of___flmul            (abs)        00000
__size_of___lmul             (abs)        00000
__size_of___wmul             (abs)        00000
__size_of_abs                (abs)        00000
__size_of_dtoa               (abs)        00000
__size_of_fputc              (abs)        00000
__size_of_fputs              (abs)        00000
__size_of_main               (abs)        00000
__size_of_mul32              (abs)        00000
__size_of_mul8               (abs)        00000
__size_of_pad                (abs)        00000
__size_of_printf             (abs)        00000
__size_of_putch              (abs)        00000
__size_of_stoa               (abs)        00000
__size_of_strlen             (abs)        00000
__size_of_sum32              (abs)        00000
__size_of_sum8               (abs)        00000
__size_of_vfpfcnvrt          (abs)        00000
__size_of_vfprintf           (abs)        00000
_a                           nvBANK1      000EB
_abs                         text22       00C84
_b                           nvBANK1      000EA
_c                           bssBANK1     000E2
_d                           bssBANK1     000C8
_dbuf                        bssBANK2     00120
_dtoa                        text16       00248
_dtoa$995                    cstackBANK0  0003B
_e                           bssBANK1     000C4
_elapsedTicks_fp32           bssBANK1     000D6
_elapsedTicks_fp64           bssBANK1     000D4
_elapsedTicks_mul32          bssBANK1     000D8
_elapsedTicks_mul8           bssBANK1     000DA
_elapsedTicks_sum32          bssBANK1     000DC
_elapsedTicks_sum8           bssBANK1     000DE
_f                           bssBANK1     000C0
_flags                       bssBANK1     000D2
_fputc                       text20       00D5F
_fputs                       text19       00D05
_g                           bssBANK1     000E0
_h                           bssBANK1     000A0
_i                           bssBANK1     000BC
_j                           bssBANK1     000B8
_k                           bssBANK1     000B4
_l                           bssBANK1     000B0
_m                           bssBANK1     000AC
_main                        maintext     003B8
_mul32                       text5        00CE0
_mul8                        text3        00C2B
_n                           bssBANK1     000A8
_nout                        bssBANK1     000CC
_pad                         text17       00DE3
_prec                        bssBANK1     000D0
_printf                      text12       00C06
_putch                       text21       00BED
_stoa                        text15       00E3F
_strlen                      text18       00C6B
_sum32                       text2        00C3E
_sum8                        text1        00BC8
_vfpfcnvrt                   text14       0013A
_vfprintf                    text13       00D2E
_width                       bssBANK1     000CE
abs@a                        cstackCOMMON 00073
btemp                        (abs)        0007E
clear_ram0                   clrtext      00BD2
dtoa@d                       cstackBANK0  00030
dtoa@fp                      cstackBANK0  0003F
dtoa@i                       cstackBANK0  0004C
dtoa@n                       cstackBANK0  00044
dtoa@p                       cstackBANK0  0003D
dtoa@s                       cstackBANK0  00042
dtoa@w                       cstackBANK0  00040
end_of_initialization        cinit        007FD
fputc@c                      cstackCOMMON 00071
fputc@fp                     cstackCOMMON 00073
fputs@c                      cstackBANK0  00020
fputs@fp                     cstackCOMMON 00079
fputs@i                      cstackBANK0  00021
fputs@s                      cstackBANK0  00023
init_ram                     inittext     00BD8
intlevel0                    functab      00000
intlevel1                    functab      00000
intlevel2                    functab      00000
intlevel3                    functab      00000
intlevel4                    functab      00000
intlevel5                    functab      00000
mul32@a                      cstackBANK0  00020
mul32@b                      cstackBANK0  00024
mul8@a                       cstackCOMMON 00079
mul8@b                       cstackCOMMON 00076
pad@buf                      cstackBANK0  00024
pad@fp                       cstackBANK0  0002B
pad@i                        cstackBANK0  00027
pad@p                        cstackBANK0  00025
pad@w                        cstackBANK0  00029
printf@ap                    cstackBANK0  0006F
printf@fmt                   cstackBANK0  00068
putch@c                      cstackCOMMON 00070
reset_vec                    reset_vec    00000
start                        init         00002
start_initialization         cinit        007E1
stoa@F1139                   dataBANK1    000E3
stoa@cp                      cstackBANK0  0002B
stoa@fp                      cstackBANK0  0002D
stoa@i                       cstackBANK0  00027
stoa@l                       cstackBANK0  00030
stoa@nuls                    cstackBANK0  00020
stoa@p                       cstackBANK0  0002E
stoa@s                       cstackCOMMON 00079
stoa@w                       cstackBANK0  00029
strlen@a                     cstackCOMMON 00073
strlen@s                     cstackCOMMON 00070
sum32@a                      cstackCOMMON 00070
sum32@b                      cstackCOMMON 00074
sum8@a                       cstackCOMMON 00071
sum8@b                       cstackCOMMON 00070
vfpfcnvrt@ap                 cstackBANK0  0004F
vfpfcnvrt@cp                 cstackBANK0  0005D
vfpfcnvrt@fmt                cstackBANK0  0004E
vfpfcnvrt@fp                 cstackBANK0  0005F
vfpfcnvrt@ll                 cstackBANK0  00055
vfprintf@ap                  cstackBANK0  00062
vfprintf@cfmt                cstackBANK0  00066
vfprintf@fmt                 cstackBANK0  00060
vfprintf@fp                  cstackBANK0  00065
wtemp0                       (abs)        0007E


FUNCTION INFORMATION:

 *************** function _main *****************
 Defined at:
		line 92 in file "main.c"
 Parameters:    Size  Location     Type
		None
 Auto vars:     Size  Location     Type
		None
 Return value:  Size  Location     Type
                  2  114[None  ] int 
 Registers used:
		wreg, fsr0l, fsr0h, fsr1l, fsr1h, status,2, status,0, pclath, cstack
 Tracked objects:
		On entry : 
		On exit  : 
		Unchanged: 
 Data sizes:     COMMON   BANK0   BANK1   BANK2   BANK3   BANK4   BANK5   BANK6   BANK7   BANK8   BANK9  BANK10  BANK11  BANK12  BANK13  BANK14  BANK15  BANK16  BANK17  BANK18  BANK19  BANK20  BANK21  BANK22  BANK23  BANK24  BANK25
      Params:         0       0       0       0       0       0       0       0       0       0       0       0       0       0       0       0       0       0       0       0       0       0       0       0       0       0       0
      Locals:         0       0       0       0       0       0       0       0       0       0       0       0       0       0       0       0       0       0       0       0       0       0       0       0       0       0       0
      Temps:          0       0       2       0       0       0       0       0       0       0       0       0       0       0       0       0       0       0       0       0       0       0       0       0       0       0       0
      Totals:         0       0       2       0       0       0       0       0       0       0       0       0       0       0       0       0       0       0       0       0       0       0       0       0       0       0       0
Total ram usage:        2 bytes
 Hardware stack levels required when called:    9
 This function calls:
		_Initiallize
		_StopwatchRead
		_StopwatchRestart
		___flmul
		_mul32
		_mul8
		_printf
		_sum32
		_sum8
 This function is called by:
		Startup code after reset
 This function uses a non-reentrant model


 *************** function _sum8 *****************
 Defined at:
		line 715 in file "main.c"
 Parameters:    Size  Location     Type
  a               1    wreg     char 
  b               1    0[COMMON] char 
 Auto vars:     Size  Location     Type
  a               1    1[COMMON] char 
 Return value:  Size  Location     Type
                  1    wreg      char 
 Registers used:
		wreg, status,2, status,0
 Tracked objects:
		On entry : 
		On exit  : 
		Unchanged: 
 Data sizes:     COMMON   BANK0   BANK1   BANK2   BANK3   BANK4   BANK5   BANK6   BANK7   BANK8   BANK9  BANK10  BANK11  BANK12  BANK13  BANK14  BANK15  BANK16  BANK17  BANK18  BANK19  BANK20  BANK21  BANK22  BANK23  BANK24  BANK25
      Params:         1       0       0       0       0       0       0       0       0       0       0       0       0       0       0       0       0       0       0       0       0       0       0       0       0       0       0
      Locals:         1       0       0       0       0       0       0       0       0       0       0       0       0       0       0       0       0       0       0       0       0       0       0       0       0       0       0
      Temps:          0       0       0       0       0       0       0       0       0       0       0       0       0       0       0       0       0       0       0       0       0       0       0       0       0       0       0
      Totals:         2       0       0       0       0       0       0       0       0       0       0       0       0       0       0       0       0       0       0       0       0       0       0       0       0       0       0
Total ram usage:        2 bytes
 Hardware stack levels used:    1
 This function calls:
		Nothing
 This function is called by:
		_main
 This function uses a non-reentrant model


 *************** function _sum32 *****************
 Defined at:
		line 719 in file "main.c"
 Parameters:    Size  Location     Type
  a               4    0[COMMON] long 
  b               4    4[COMMON] long 
 Auto vars:     Size  Location     Type
		None
 Return value:  Size  Location     Type
                  4    0[COMMON] long 
 Registers used:
		wreg
 Tracked objects:
		On entry : 
		On exit  : 
		Unchanged: 
 Data sizes:     COMMON   BANK0   BANK1   BANK2   BANK3   BANK4   BANK5   BANK6   BANK7   BANK8   BANK9  BANK10  BANK11  BANK12  BANK13  BANK14  BANK15  BANK16  BANK17  BANK18  BANK19  BANK20  BANK21  BANK22  BANK23  BANK24  BANK25
      Params:         8       0       0       0       0       0       0       0       0       0       0       0       0       0       0       0       0       0       0       0       0       0       0       0       0       0       0
      Locals:         0       0       0       0       0       0       0       0       0       0       0       0       0       0       0       0       0       0       0       0       0       0       0       0       0       0       0
      Temps:          4       0       0       0       0       0       0       0       0       0       0       0       0       0       0       0       0       0       0       0       0       0       0       0       0       0       0
      Totals:        12       0       0       0       0       0       0       0       0       0       0       0       0       0       0       0       0       0       0       0       0       0       0       0       0       0       0
Total ram usage:       12 bytes
 Hardware stack levels used:    1
 This function calls:
		Nothing
 This function is called by:
		_main
 This function uses a non-reentrant model


 *************** function _mul8 *****************
 Defined at:
		line 723 in file "main.c"
 Parameters:    Size  Location     Type
  a               1    wreg     char 
  b               1    6[COMMON] char 
 Auto vars:     Size  Location     Type
  a               1    9[COMMON] char 
 Return value:  Size  Location     Type
                  2    6[COMMON] short 
 Registers used:
		wreg, status,2, status,0, pclath, cstack
 Tracked objects:
		On entry : 
		On exit  : 
		Unchanged: 
 Data sizes:     COMMON   BANK0   BANK1   BANK2   BANK3   BANK4   BANK5   BANK6   BANK7   BANK8   BANK9  BANK10  BANK11  BANK12  BANK13  BANK14  BANK15  BANK16  BANK17  BANK18  BANK19  BANK20  BANK21  BANK22  BANK23  BANK24  BANK25
      Params:         3       0       0       0       0       0       0       0       0       0       0       0       0       0       0       0       0       0       0       0       0       0       0       0       0       0       0
      Locals:         1       0       0       0       0       0       0       0       0       0       0       0       0       0       0       0       0       0       0       0       0       0       0       0       0       0       0
      Temps:          0       0       0       0       0       0       0       0       0       0       0       0       0       0       0       0       0       0       0       0       0       0       0       0       0       0       0
      Totals:         4       0       0       0       0       0       0       0       0       0       0       0       0       0       0       0       0       0       0       0       0       0       0       0       0       0       0
Total ram usage:        4 bytes
 Hardware stack levels used:    1
 Hardware stack levels required when called:    1
 This function calls:
		___wmul
 This function is called by:
		_main
 This function uses a non-reentrant model


 *************** function ___wmul *****************
 Defined at:
		line 15 in file "/Applications/microchip/xc8/v2.20/pic/sources/c99/common/Umul16.c"
 Parameters:    Size  Location     Type
  multiplier      2    0[COMMON] unsigned int 
  multiplicand    2    2[COMMON] unsigned int 
 Auto vars:     Size  Location     Type
  product         2    4[COMMON] unsigned int 
 Return value:  Size  Location     Type
                  2    0[COMMON] unsigned int 
 Registers used:
		wreg, status,2, status,0
 Tracked objects:
		On entry : 
		On exit  : 
		Unchanged: 
 Data sizes:     COMMON   BANK0   BANK1   BANK2   BANK3   BANK4   BANK5   BANK6   BANK7   BANK8   BANK9  BANK10  BANK11  BANK12  BANK13  BANK14  BANK15  BANK16  BANK17  BANK18  BANK19  BANK20  BANK21  BANK22  BANK23  BANK24  BANK25
      Params:         4       0       0       0       0       0       0       0       0       0       0       0       0       0       0       0       0       0       0       0       0       0       0       0       0       0       0
      Locals:         2       0       0       0       0       0       0       0       0       0       0       0       0       0       0       0       0       0       0       0       0       0       0       0       0       0       0
      Temps:          0       0       0       0       0       0       0       0       0       0       0       0       0       0       0       0       0       0       0       0       0       0       0       0       0       0       0
      Totals:         6       0       0       0       0       0       0       0       0       0       0       0       0       0       0       0       0       0       0       0       0       0       0       0       0       0       0
Total ram usage:        6 bytes
 Hardware stack levels used:    1
 This function calls:
		Nothing
 This function is called by:
		_mul8
 This function uses a non-reentrant model


 *************** function _mul32 *****************
 Defined at:
		line 727 in file "main.c"
 Parameters:    Size  Location     Type
  a               4    0[BANK0 ] long 
  b               4    4[BANK0 ] long 
 Auto vars:     Size  Location     Type
		None
 Return value:  Size  Location     Type
                  8    0[BANK0 ] long long 
 Registers used:
		wreg, status,2, status,0, pclath, cstack
 Tracked objects:
		On entry : 
		On exit  : 
		Unchanged: 
 Data sizes:     COMMON   BANK0   BANK1   BANK2   BANK3   BANK4   BANK5   BANK6   BANK7   BANK8   BANK9  BANK10  BANK11  BANK12  BANK13  BANK14  BANK15  BANK16  BANK17  BANK18  BANK19  BANK20  BANK21  BANK22  BANK23  BANK24  BANK25
      Params:         0       8       0       0       0       0       0       0       0       0       0       0       0       0       0       0       0       0       0       0       0       0       0       0       0       0       0
      Locals:         0       0       0       0       0       0       0       0       0       0       0       0       0       0       0       0       0       0       0       0       0       0       0       0       0       0       0
      Temps:          0       0       0       0       0       0       0       0       0       0       0       0       0       0       0       0       0       0       0       0       0       0       0       0       0       0       0
      Totals:         0       8       0       0       0       0       0       0       0       0       0       0       0       0       0       0       0       0       0       0       0       0       0       0       0       0       0
Total ram usage:        8 bytes
 Hardware stack levels used:    1
 Hardware stack levels required when called:    1
 This function calls:
		___lmul
 This function is called by:
		_main
 This function uses a non-reentrant model


 *************** function ___lmul *****************
 Defined at:
		line 15 in file "/Applications/microchip/xc8/v2.20/pic/sources/c99/common/Umul32.c"
 Parameters:    Size  Location     Type
  multiplier      4    0[COMMON] unsigned long 
  multiplicand    4    4[COMMON] unsigned long 
 Auto vars:     Size  Location     Type
  product         4    8[COMMON] unsigned long 
 Return value:  Size  Location     Type
                  4    0[COMMON] unsigned long 
 Registers used:
		wreg, status,2, status,0
 Tracked objects:
		On entry : 
		On exit  : 
		Unchanged: 
 Data sizes:     COMMON   BANK0   BANK1   BANK2   BANK3   BANK4   BANK5   BANK6   BANK7   BANK8   BANK9  BANK10  BANK11  BANK12  BANK13  BANK14  BANK15  BANK16  BANK17  BANK18  BANK19  BANK20  BANK21  BANK22  BANK23  BANK24  BANK25
      Params:         8       0       0       0       0       0       0       0       0       0       0       0       0       0       0       0       0       0       0       0       0       0       0       0       0       0       0
      Locals:         4       0       0       0       0       0       0       0       0       0       0       0       0       0       0       0       0       0       0       0       0       0       0       0       0       0       0
      Temps:          0       0       0       0       0       0       0       0       0       0       0       0       0       0       0       0       0       0       0       0       0       0       0       0       0       0       0
      Totals:        12       0       0       0       0       0       0       0       0       0       0       0       0       0       0       0       0       0       0       0       0       0       0       0       0       0       0
Total ram usage:       12 bytes
 Hardware stack levels used:    1
 This function calls:
		Nothing
 This function is called by:
		_mul32
 This function uses a non-reentrant model


 *************** function ___flmul *****************
 Defined at:
		line 8 in file "/Applications/microchip/xc8/v2.20/pic/sources/c99/common/sprcmul.c"
 Parameters:    Size  Location     Type
  b               4    0[BANK0 ] unsigned long 
  a               4    4[BANK0 ] unsigned long 
 Auto vars:     Size  Location     Type
  prod            4   15[BANK0 ] struct .
  grs             4    9[BANK0 ] unsigned long 
  temp            2   19[BANK0 ] struct .
  bexp            1   14[BANK0 ] unsigned char 
  aexp            1   13[BANK0 ] unsigned char 
  sign            1    8[BANK0 ] unsigned char 
 Return value:  Size  Location     Type
                  4    0[BANK0 ] unsigned char 
 Registers used:
		wreg, status,2, status,0, pclath, cstack
 Tracked objects:
		On entry : 
		On exit  : 
		Unchanged: 
 Data sizes:     COMMON   BANK0   BANK1   BANK2   BANK3   BANK4   BANK5   BANK6   BANK7   BANK8   BANK9  BANK10  BANK11  BANK12  BANK13  BANK14  BANK15  BANK16  BANK17  BANK18  BANK19  BANK20  BANK21  BANK22  BANK23  BANK24  BANK25
      Params:         0       8       0       0       0       0       0       0       0       0       0       0       0       0       0       0       0       0       0       0       0       0       0       0       0       0       0
      Locals:         0      13       0       0       0       0       0       0       0       0       0       0       0       0       0       0       0       0       0       0       0       0       0       0       0       0       0
      Temps:          5       0       0       0       0       0       0       0       0       0       0       0       0       0       0       0       0       0       0       0       0       0       0       0       0       0       0
      Totals:         5      21       0       0       0       0       0       0       0       0       0       0       0       0       0       0       0       0       0       0       0       0       0       0       0       0       0
Total ram usage:       26 bytes
 Hardware stack levels used:    1
 Hardware stack levels required when called:    1
 This function calls:
		__Umul8_16
 This function is called by:
		_main
 This function uses a non-reentrant model


 *************** function __Umul8_16 *****************
 Defined at:
		line 4 in file "/Applications/microchip/xc8/v2.20/pic/sources/c99/common/Umul8_16.c"
 Parameters:    Size  Location     Type
  multiplier      1    wreg     unsigned char 
  multiplicand    1    0[COMMON] unsigned char 
 Auto vars:     Size  Location     Type
  multiplier      1    8[COMMON] unsigned char 
  word_mpld       2    6[COMMON] unsigned int 
  product         2    4[COMMON] unsigned int 
 Return value:  Size  Location     Type
                  2    0[COMMON] unsigned int 
 Registers used:
		wreg, status,2, status,0
 Tracked objects:
		On entry : 
		On exit  : 
		Unchanged: 
 Data sizes:     COMMON   BANK0   BANK1   BANK2   BANK3   BANK4   BANK5   BANK6   BANK7   BANK8   BANK9  BANK10  BANK11  BANK12  BANK13  BANK14  BANK15  BANK16  BANK17  BANK18  BANK19  BANK20  BANK21  BANK22  BANK23  BANK24  BANK25
[...]
		_pad
 This function uses a non-reentrant model


 *************** function _fputc *****************
 Defined at:
		line 8 in file "/Applications/microchip/xc8/v2.20/pic/sources/c99/common/nf_fputc.c"
 Parameters:    Size  Location     Type
  c               2    1[COMMON] int 
  fp              1    3[COMMON] PTR struct _IO_FILE
		 -> NULL(0), 
 Auto vars:     Size  Location     Type
		None
 Return value:  Size  Location     Type
                  2    1[COMMON] int 
 Registers used:
		wreg, fsr1l, fsr1h, status,2, status,0, pclath, cstack
 Tracked objects:
		On entry : 
		On exit  : 
		Unchanged: 
 Data sizes:     COMMON   BANK0   BANK1   BANK2   BANK3   BANK4   BANK5   BANK6   BANK7   BANK8   BANK9  BANK10  BANK11  BANK12  BANK13  BANK14  BANK15  BANK16  BANK17  BANK18  BANK19  BANK20  BANK21  BANK22  BANK23  BANK24  BANK25
      Params:         3       0       0       0       0       0       0       0       0       0       0       0       0       0       0       0       0       0       0       0       0       0       0       0       0       0       0
      Locals:         0       0       0       0       0       0       0       0       0       0       0       0       0       0       0       0       0       0       0       0       0       0       0       0       0       0       0
      Temps:          5       0       0       0       0       0       0       0       0       0       0       0       0       0       0       0       0       0       0       0       0       0       0       0       0       0       0
      Totals:         8       0       0       0       0       0       0       0       0       0       0       0       0       0       0       0       0       0       0       0       0       0       0       0       0       0       0
Total ram usage:        8 bytes
 Hardware stack levels used:    1
 Hardware stack levels required when called:    1
 This function calls:
		_putch
 This function is called by:
		_pad
		_stoa
		_vfpfcnvrt
		_fputs
 This function uses a non-reentrant model


 *************** function _putch *****************
 Defined at:
		line 539 in file "main.c"
 Parameters:    Size  Location     Type
  c               1    wreg     unsigned char 
 Auto vars:     Size  Location     Type
  c               1    0[COMMON] unsigned char 
 Return value:  Size  Location     Type
                  1    wreg      void 
 Registers used:
		wreg
 Tracked objects:
		On entry : 
		On exit  : 
		Unchanged: 
 Data sizes:     COMMON   BANK0   BANK1   BANK2   BANK3   BANK4   BANK5   BANK6   BANK7   BANK8   BANK9  BANK10  BANK11  BANK12  BANK13  BANK14  BANK15  BANK16  BANK17  BANK18  BANK19  BANK20  BANK21  BANK22  BANK23  BANK24  BANK25
      Params:         0       0       0       0       0       0       0       0       0       0       0       0       0       0       0       0       0       0       0       0       0       0       0       0       0       0       0
      Locals:         1       0       0       0       0       0       0       0       0       0       0       0       0       0       0       0       0       0       0       0       0       0       0       0       0       0       0
      Temps:          0       0       0       0       0       0       0       0       0       0       0       0       0       0       0       0       0       0       0       0       0       0       0       0       0       0       0
      Totals:         1       0       0       0       0       0       0       0       0       0       0       0       0       0       0       0       0       0       0       0       0       0       0       0       0       0       0
Total ram usage:        1 bytes
 Hardware stack levels used:    1
 This function calls:
		Nothing
 This function is called by:
		_fputc
 This function uses a non-reentrant model


 *************** function _abs *****************
 Defined at:
		line 1 in file "/Applications/microchip/xc8/v2.20/pic/sources/c99/common/abs.c"
 Parameters:    Size  Location     Type
  a               2    3[COMMON] int 
 Auto vars:     Size  Location     Type
		None
 Return value:  Size  Location     Type
                  2    3[COMMON] int 
 Registers used:
		wreg, status,2, status,0
 Tracked objects:
		On entry : 
		On exit  : 
		Unchanged: 
 Data sizes:     COMMON   BANK0   BANK1   BANK2   BANK3   BANK4   BANK5   BANK6   BANK7   BANK8   BANK9  BANK10  BANK11  BANK12  BANK13  BANK14  BANK15  BANK16  BANK17  BANK18  BANK19  BANK20  BANK21  BANK22  BANK23  BANK24  BANK25
      Params:         2       0       0       0       0       0       0       0       0       0       0       0       0       0       0       0       0       0       0       0       0       0       0       0       0       0       0
      Locals:         0       0       0       0       0       0       0       0       0       0       0       0       0       0       0       0       0       0       0       0       0       0       0       0       0       0       0
      Temps:          2       0       0       0       0       0       0       0       0       0       0       0       0       0       0       0       0       0       0       0       0       0       0       0       0       0       0
      Totals:         4       0       0       0       0       0       0       0       0       0       0       0       0       0       0       0       0       0       0       0       0       0       0       0       0       0       0
Total ram usage:        4 bytes
 Hardware stack levels used:    1
 This function calls:
		Nothing
 This function is called by:
		_dtoa
 This function uses a non-reentrant model


 *************** function ___aomod *****************
 Defined at:
		line 7 in file "/Applications/microchip/xc8/v2.20/pic/sources/c99/common/aomod.c"
 Parameters:    Size  Location     Type
  divisor         8    0[BANK0 ] long long 
  dividend        8    8[BANK0 ] long long 
 Auto vars:     Size  Location     Type
  sign            1    2[COMMON] unsigned char 
  counter         1    1[COMMON] unsigned char 
 Return value:  Size  Location     Type
                  8    0[BANK0 ] long long 
 Registers used:
		wreg, fsr1l, fsr1h, status,2, status,0
 Tracked objects:
		On entry : 
		On exit  : 
		Unchanged: 
 Data sizes:     COMMON   BANK0   BANK1   BANK2   BANK3   BANK4   BANK5   BANK6   BANK7   BANK8   BANK9  BANK10  BANK11  BANK12  BANK13  BANK14  BANK15  BANK16  BANK17  BANK18  BANK19  BANK20  BANK21  BANK22  BANK23  BANK24  BANK25
      Params:         0      16       0       0       0       0       0       0       0       0       0       0       0       0       0       0       0       0       0       0       0       0       0       0       0       0       0
      Locals:         2       0       0       0       0       0       0       0       0       0       0       0       0       0       0       0       0       0       0       0       0       0       0       0       0       0       0
      Temps:          1       0       0       0       0       0       0       0       0       0       0       0       0       0       0       0       0       0       0       0       0       0       0       0       0       0       0
      Totals:         3      16       0       0       0       0       0       0       0       0       0       0       0       0       0       0       0       0       0       0       0       0       0       0       0       0       0
Total ram usage:       19 bytes
 Hardware stack levels used:    1
 This function calls:
		Nothing
 This function is called by:
		_dtoa
 This function uses a non-reentrant model


 *************** function ___aodiv *****************
 Defined at:
		line 7 in file "/Applications/microchip/xc8/v2.20/pic/sources/c99/common/aodiv.c"
 Parameters:    Size  Location     Type
  divisor         8    0[BANK0 ] long long 
  dividend        8    8[BANK0 ] long long 
 Auto vars:     Size  Location     Type
  quotient        8    3[COMMON] long long 
  sign            1    2[COMMON] unsigned char 
  counter         1    1[COMMON] unsigned char 
 Return value:  Size  Location     Type
                  8    0[BANK0 ] long long 
 Registers used:
		wreg, fsr1l, fsr1h, status,2, status,0
 Tracked objects:
		On entry : 
		On exit  : 
		Unchanged: 
 Data sizes:     COMMON   BANK0   BANK1   BANK2   BANK3   BANK4   BANK5   BANK6   BANK7   BANK8   BANK9  BANK10  BANK11  BANK12  BANK13  BANK14  BANK15  BANK16  BANK17  BANK18  BANK19  BANK20  BANK21  BANK22  BANK23  BANK24  BANK25
      Params:         0      16       0       0       0       0       0       0       0       0       0       0       0       0       0       0       0       0       0       0       0       0       0       0       0       0       0
      Locals:        10       0       0       0       0       0       0       0       0       0       0       0       0       0       0       0       0       0       0       0       0       0       0       0       0       0       0
      Temps:          1       0       0       0       0       0       0       0       0       0       0       0       0       0       0       0       0       0       0       0       0       0       0       0       0       0       0
      Totals:        11      16       0       0       0       0       0       0       0       0       0       0       0       0       0       0       0       0       0       0       0       0       0       0       0       0       0
Total ram usage:       27 bytes
 Hardware stack levels used:    1
 This function calls:
		Nothing
 This function is called by:
		_dtoa
 This function uses a non-reentrant model


 *************** function _UartConfig *****************
 Defined at:
		line 416 in file "main.c"
 Parameters:    Size  Location     Type
		None
 Auto vars:     Size  Location     Type
		None
 Return value:  Size  Location     Type
                  1    wreg      void 
 Registers used:
		wreg, status,2
 Tracked objects:
		On entry : 
		On exit  : 
		Unchanged: 
 Data sizes:     COMMON   BANK0   BANK1   BANK2   BANK3   BANK4   BANK5   BANK6   BANK7   BANK8   BANK9  BANK10  BANK11  BANK12  BANK13  BANK14  BANK15  BANK16  BANK17  BANK18  BANK19  BANK20  BANK21  BANK22  BANK23  BANK24  BANK25
      Params:         0       0       0       0       0       0       0       0       0       0       0       0       0       0       0       0       0       0       0       0       0       0       0       0       0       0       0
      Locals:         0       0       0       0       0       0       0       0       0       0       0       0       0       0       0       0       0       0       0       0       0       0       0       0       0       0       0
      Temps:          0       0       0       0       0       0       0       0       0       0       0       0       0       0       0       0       0       0       0       0       0       0       0       0       0       0       0
      Totals:         0       0       0       0       0       0       0       0       0       0       0       0       0       0       0       0       0       0       0       0       0       0       0       0       0       0       0
Total ram usage:        0 bytes
 Hardware stack levels used:    1
 This function calls:
		Nothing
 This function is called by:
		_Initiallize
 This function uses a non-reentrant model


 *************** function _StopwatchConfig *****************
 Defined at:
		line 552 in file "main.c"
 Parameters:    Size  Location     Type
		None
 Auto vars:     Size  Location     Type
		None
 Return value:  Size  Location     Type
                  1    wreg      void 
 Registers used:
		wreg
 Tracked objects:
		On entry : 
		On exit  : 
		Unchanged: 
 Data sizes:     COMMON   BANK0   BANK1   BANK2   BANK3   BANK4   BANK5   BANK6   BANK7   BANK8   BANK9  BANK10  BANK11  BANK12  BANK13  BANK14  BANK15  BANK16  BANK17  BANK18  BANK19  BANK20  BANK21  BANK22  BANK23  BANK24  BANK25
      Params:         0       0       0       0       0       0       0       0       0       0       0       0       0       0       0       0       0       0       0       0       0       0       0       0       0       0       0
      Locals:         0       0       0       0       0       0       0       0       0       0       0       0       0       0       0       0       0       0       0       0       0       0       0       0       0       0       0
      Temps:          0       0       0       0       0       0       0       0       0       0       0       0       0       0       0       0       0       0       0       0       0       0       0       0       0       0       0
      Totals:         0       0       0       0       0       0       0       0       0       0       0       0       0       0       0       0       0       0       0       0       0       0       0       0       0       0       0
Total ram usage:        0 bytes
 Hardware stack levels used:    1
 This function calls:
		Nothing
 This function is called by:
		_Initiallize
 This function uses a non-reentrant model


 *************** function _SetPerformanceMode *****************
 Defined at:
		line 199 in file "main.c"
 Parameters:    Size  Location     Type
		None
 Auto vars:     Size  Location     Type
		None
 Return value:  Size  Location     Type
                  1    wreg      void 
 Registers used:
		None
 Tracked objects:
		On entry : 
		On exit  : 
		Unchanged: 
 Data sizes:     COMMON   BANK0   BANK1   BANK2   BANK3   BANK4   BANK5   BANK6   BANK7   BANK8   BANK9  BANK10  BANK11  BANK12  BANK13  BANK14  BANK15  BANK16  BANK17  BANK18  BANK19  BANK20  BANK21  BANK22  BANK23  BANK24  BANK25
      Params:         0       0       0       0       0       0       0       0       0       0       0       0       0       0       0       0       0       0       0       0       0       0       0       0       0       0       0
      Locals:         0       0       0       0       0       0       0       0       0       0       0       0       0       0       0       0       0       0       0       0       0       0       0       0       0       0       0
      Temps:          0       0       0       0       0       0       0       0       0       0       0       0       0       0       0       0       0       0       0       0       0       0       0       0       0       0       0
      Totals:         0       0       0       0       0       0       0       0       0       0       0       0       0       0       0       0       0       0       0       0       0       0       0       0       0       0       0
Total ram usage:        0 bytes
 Hardware stack levels used:    1
 This function calls:
		Nothing
 This function is called by:
		_Initiallize
 This function uses a non-reentrant model


 *************** function _PinConfig *****************
 Defined at:
		line 285 in file "main.c"
 Parameters:    Size  Location     Type
		None
 Auto vars:     Size  Location     Type
		None
 Return value:  Size  Location     Type
                  1    wreg      void 
 Registers used:
		wreg
 Tracked objects:
		On entry : 
		On exit  : 
		Unchanged: 
 Data sizes:     COMMON   BANK0   BANK1   BANK2   BANK3   BANK4   BANK5   BANK6   BANK7   BANK8   BANK9  BANK10  BANK11  BANK12  BANK13  BANK14  BANK15  BANK16  BANK17  BANK18  BANK19  BANK20  BANK21  BANK22  BANK23  BANK24  BANK25
      Params:         0       0       0       0       0       0       0       0       0       0       0       0       0       0       0       0       0       0       0       0       0       0       0       0       0       0       0
      Locals:         0       0       0       0       0       0       0       0       0       0       0       0       0       0       0       0       0       0       0       0       0       0       0       0       0       0       0
      Temps:          0       0       0       0       0       0       0       0       0       0       0       0       0       0       0       0       0       0       0       0       0       0       0       0       0       0       0
      Totals:         0       0       0       0       0       0       0       0       0       0       0       0       0       0       0       0       0       0       0       0       0       0       0       0       0       0       0
Total ram usage:        0 bytes
 Hardware stack levels used:    1
 This function calls:
		Nothing
 This function is called by:
		_Initiallize
 This function uses a non-reentrant model



MODULE INFORMATION

Module		Function		Class		Link	Load	Size
/Applications/microchip/xc8/v2.20/pic/sources/c99/common/nf_fputc.c
		_fputc         		CODE           	0D5F	0000	64

/Applications/microchip/xc8/v2.20/pic/sources/c99/common/nf_fputc.c estimated size: 64

/Applications/microchip/xc8/v2.20/pic/sources/c99/common/doprnt.c
		_vfpfcnvrt     		CODE           	013A	0000	271
		_pad           		CODE           	0DE3	0000	93
		_dtoa          		CODE           	0248	0000	369
		_vfprintf      		CODE           	0D2E	0000	50
		_stoa          		CODE           	0E3F	0000	216

/Applications/microchip/xc8/v2.20/pic/sources/c99/common/doprnt.c estimated size: 999

/Applications/microchip/xc8/v2.20/pic/sources/c99/common/aomod.c
		___aomod       		CODE           	0F16	0000	235

/Applications/microchip/xc8/v2.20/pic/sources/c99/common/aomod.c estimated size: 235

/Applications/microchip/xc8/v2.20/pic/sources/c99/common/abs.c
		_abs           		CODE           	0C84	0000	27

/Applications/microchip/xc8/v2.20/pic/sources/c99/common/abs.c estimated size: 27

/Applications/microchip/xc8/v2.20/pic/sources/c99/common/sprcmul.c
		___flmul       		CODE           	058A	0000	600

/Applications/microchip/xc8/v2.20/pic/sources/c99/common/sprcmul.c estimated size: 600

/Applications/microchip/xc8/v2.20/pic/sources/c99/common/Umul16.c
		___wmul        		CODE           	0C9E	0000	32

/Applications/microchip/xc8/v2.20/pic/sources/c99/common/Umul16.c estimated size: 32

/Applications/microchip/xc8/v2.20/pic/sources/c99/common/aodiv.c
		___aodiv       		CODE           	0039	0000	258

/Applications/microchip/xc8/v2.20/pic/sources/c99/common/aodiv.c estimated size: 258

/Applications/microchip/xc8/v2.20/pic/sources/c99/common/nf_fputs.c
		_fputs         		CODE           	0D05	0000	42

/Applications/microchip/xc8/v2.20/pic/sources/c99/common/nf_fputs.c estimated size: 42

/Applications/microchip/xc8/v2.20/pic/sources/c99/common/printf.c
		_printf        		CODE           	0C06	0000	19

/Applications/microchip/xc8/v2.20/pic/sources/c99/common/printf.c estimated size: 19

shared
		_CompileDate   		STRCODE        	112E	0000	13
		_CompileTime   		STRCODE        	113A	0000	10
		__initialization		CODE           	07E1	0000	29
		_Project       		STRCODE        	10DA	0000	21
		_Version       		STRCODE        	1143	0000	7

shared estimated size: 80

/Applications/microchip/xc8/v2.20/pic/sources/c99/common/Umul32.c
		___lmul        		CODE           	0006	0000	52

/Applications/microchip/xc8/v2.20/pic/sources/c99/common/Umul32.c estimated size: 52

/Applications/microchip/xc8/v2.20/pic/sources/c99/common/Umul8_16.c
		__Umul8_16     		CODE           	0CBD	0000	36

/Applications/microchip/xc8/v2.20/pic/sources/c99/common/Umul8_16.c estimated size: 36

main.c
		_StopwatchConfig		CODE           	0BCC	0000	7
		_SetPerformanceMode		CODE           	0005	0000	2
		_putch         		CODE           	0BED	0000	11
		_mul8          		CODE           	0C2B	0000	20
		_main          		CODE           	03B8	0000	467
		_sum8          		CODE           	0BC8	0000	5
		_UartConfig    		CODE           	0C18	0000	20
		_mul32         		CODE           	0CE0	0000	38
		_Initiallize   		CODE           	0D9E	0000	70
		_sum32         		CODE           	0C3E	0000	22
		_StopwatchRead 		CODE           	0BF7	0000	16
		_StopwatchRestart		CODE           	0BE5	0000	9
		_PinConfig     		CODE           	0C53	0000	25

main.c estimated size: 712

/Applications/microchip/xc8/v2.20/pic/sources/c99/common/strlen.c
		_strlen        		CODE           	0C6B	0000	26

/Applications/microchip/xc8/v2.20/pic/sources/c99/common/strlen.c estimated size: 26

